*: 463
    *(.: 0
    **fill*: 463
.: 113271
    *.vector_table: 428
    .text: 75318
        .text.: 75278
            .text.b: 6700
                .text.blake2s: 4580
                    .text.blake2s_: 4484
                        *.text.blake2s_compress: 3772
                        .text.blake2s_Update: 212
                            *.text.blake2s_Update.part.0: 164
                            *.text.blake2s_Update: 48
                        *.text.blake2s_init_param: 156
                        *.text.blake2s_Init: 152
                        *.text.blake2s_Final: 192
                    *.text.blake2s: 96
                *.text.barrett_reduce256_modm: 1448
                .text.bootloader_: 600
                    *.text.bootloader_usb_loop: 540
                    *.text.bootloader_WipeDevice: 60
                *.text.buf_read: 64
                *.text.bzero: 8
            .text.c: 6776
                .text.ch: 1036
                    .text.chacha_drbg_: 584
                        *.text.chacha_drbg_update: 120
                        *.text.chacha_drbg_generate: 108
                        *.text.chacha_drbg_reseed: 248
                        *.text.chacha_drbg_init: 108
                    .text.check_: 452
                        *.text.check_vendor_header_lock: 132
                        *.text.check_single_hash: 76
                        *.text.check_image_contents: 184
                        *.text.check_desc_str: 60
                .text.curve25519_: 5248
                    .text.curve25519_co: 740
                        *.text.curve25519_copy: 80
                        *.text.curve25519_contract: 660
                    .text.curve25519_add: 372
                        *.text.curve25519_add: 120
                        .text.curve25519_add_: 252
                            *.text.curve25519_add_after_basic: 204
                            *.text.curve25519_add_reduce: 48
                    .text.curve25519_s: 2092
                        .text.curve25519_sub: 524
                            *.text.curve25519_sub: 212
                            .text.curve25519_sub_: 312
                                *.text.curve25519_sub_after_basic: 264
                                *.text.curve25519_sub_reduce: 48
                        .text.curve25519_square: 1568
                            *.text.curve25519_square: 784
                            *.text.curve25519_square_times: 784
                    *.text.curve25519_neg: 204
                    *.text.curve25519_mul: 1192
                    *.text.curve25519_expand: 156
                    .text.curve25519_pow_two: 344
                        *.text.curve25519_pow_two5mtwo0_two250mtwo0: 196
                        *.text.curve25519_pow_two252m3: 148
                    *.text.curve25519_recip: 148
                .text.co: 400
                    *.text.contract256_slidingwindow_modm: 236
                    *.text.compute_pubkey: 164
                *.text.clear_otg_hs_memory: 92
            .text.ECRYPT_: 1556
                .text.ECRYPT_keys: 176
                    *.text.ECRYPT_keysetup: 112
                    *.text.ECRYPT_keystream_bytes: 64
                *.text.ECRYPT_ivsetup: 56
                *.text.ECRYPT_ctrsetup: 48
                *.text.ECRYPT_encrypt_bytes: 1276
            .text.e: 2556
                .text.ed25519_: 588
                    *.text.ed25519_hram: 96
                    *.text.ed25519_sign_open: 224
                    *.text.ed25519_cosi_combine_publickeys: 200
                    *.text.ed25519_verify: 68
                .text.exp: 704
                    .text.expand: 700
                        *.text.expand256_modm: 468
                        *.text.expand_raw256_modm: 232
                    *.text.explicit_bzero: 4
                .text.encode_: 1028
                    *.text.encode_basic_field: 676
                    *.text.encode_field: 352
                *.text.error_shutdown: 236
            .text.ge: 2352
                .text.ge25519_: 2204
                    .text.ge25519_p: 916
                        .text.ge25519_p1p1_to_: 184
                            *.text.ge25519_p1p1_to_partial: 84
                            *.text.ge25519_p1p1_to_full: 100
                        .text.ge25519_pnielsadd: 584
                            *.text.ge25519_pnielsadd_p1p1: 252
                            *.text.ge25519_pnielsadd: 332
                        *.text.ge25519_pack: 148
                    *.text.ge25519_full_to_pniels: 100
                    .text.ge25519_double: 716
                        .text.ge25519_double_: 644
                            *.text.ge25519_double_p1p1: 184
                            *.text.ge25519_double_scalarmult_vartime: 460
                        *.text.ge25519_double: 72
                    *.text.ge25519_unpack_negative_vartime: 420
                    *.text.ge25519_set_neutral: 52
                *.text.get_glyph: 148
            .text.U: 7172
                *.text.U8TO32_LE: 44
                .text.USB: 7128
                    .text.USB_: 3332
                        .text.USB_Core: 252
                            *.text.USB_CoreReset.isra.0: 76
                            *.text.USB_CoreInit: 176
                        .text.USB_E: 1072
                            *.text.USB_EnableGlobalInt: 52
                            .text.USB_EP: 1020
                                .text.USB_EP0: 368
                                    *.text.USB_EP0StartXfer: 268
                                    *.text.USB_EP0_OutStart: 100
                                .text.USB_EPS: 564
                                    *.text.USB_EPStartXfer: 480
                                    *.text.USB_EPSetStall: 84
                                *.text.USB_EPClearStall: 88
                        .text.USB_D: 752
                            *.text.USB_DisableGlobalInt: 52
                            .text.USB_De: 700
                                .text.USB_Dev: 488
                                    *.text.USB_DevInit: 368
                                    *.text.USB_DevConnect: 60
                                    *.text.USB_DevDisconnect: 60
                                *.text.USB_DeactivateEndpoint: 212
                        .text.USB_S: 304
                            .text.USB_Set: 204
                                *.text.USB_SetCurrentMode: 80
                                .text.USB_SetDev: 124
                                    *.text.USB_SetDevSpeed: 52
                                    *.text.USB_SetDevAddress: 72
                            *.text.USB_StopDevice: 100
                        .text.USB_Flush: 140
                            *.text.USB_FlushTxFifo: 72
                            *.text.USB_FlushRxFifo: 68
                        .text.USB_Get: 140
                            *.text.USB_GetDevSpeed: 92
                            *.text.USB_GetMode: 48
                        .text.USB_Activate: 240
                            *.text.USB_ActivateEndpoint: 144
                            *.text.USB_ActivateSetup: 96
                        *.text.USB_WritePacket: 80
                        .text.USB_Read: 352
                            *.text.USB_ReadPacket: 68
                            *.text.USB_ReadInterrupts: 48
                            .text.USB_ReadDev: 236
                                .text.USB_ReadDevAll: 112
                                    *.text.USB_ReadDevAllOutEpInterrupt: 56
                                    *.text.USB_ReadDevAllInEpInterrupt: 56
                                *.text.USB_ReadDevOutEPInterrupt: 56
                                *.text.USB_ReadDevInEPInterrupt: 68
                    .text.USBD_: 3796
                        .text.USBD_LL_: 1832
                            .text.USBD_LL_I: 288
                                *.text.USBD_LL_Init: 124
                                .text.USBD_LL_Is: 164
                                    *.text.USBD_LL_IsStallEP: 76
                                    .text.USBD_LL_Iso: 88
                                        *.text.USBD_LL_IsoINIncomplete: 44
                                        *.text.USBD_LL_IsoOUTIncomplete: 44
                            .text.USBD_LL_D: 480
                                .text.USBD_LL_De: 156
                                    *.text.USBD_LL_DeInit: 52
                                    .text.USBD_LL_Dev: 104
                                        *.text.USBD_LL_DevConnected: 44
                                        *.text.USBD_LL_DevDisconnected: 60
                                .text.USBD_LL_Data: 324
                                    *.text.USBD_LL_DataOutStage: 132
                                    *.text.USBD_LL_DataInStage: 192
                            .text.USBD_LL_S: 544
                                .text.USBD_LL_St: 156
                                    .text.USBD_LL_Sta: 104
                                        *.text.USBD_LL_Start: 52
                                        *.text.USBD_LL_StallEP: 52
                                    *.text.USBD_LL_Stop: 52
                                .text.USBD_LL_Set: 272
                                    *.text.USBD_LL_SetUSBAddress: 52
                                    *.text.USBD_LL_SetupStage: 176
                                    *.text.USBD_LL_SetSpeed: 44
                                *.text.USBD_LL_Suspend: 56
                                *.text.USBD_LL_SOF: 60
                            *.text.USBD_LL_OpenEP: 56
                            .text.USBD_LL_Cl: 104
                                *.text.USBD_LL_CloseEP: 52
                                *.text.USBD_LL_ClearStallEP: 52
                            *.text.USBD_LL_FlushEP: 52
                            *.text.USBD_LL_Transmit: 56
                            *.text.USBD_LL_PrepareReceive: 56
                            *.text.USBD_LL_GetRxDataSize: 48
                            .text.USBD_LL_Res: 148
                                *.text.USBD_LL_Reset: 96
                                *.text.USBD_LL_Resume: 52
                        *.text.USBD_Init: 80
                        *.text.USBD_DeInit: 72
                        *.text.USBD_RegisterClass: 52
                        .text.USBD_S: 1080
                            .text.USBD_St: 1020
                                *.text.USBD_Start: 48
                                *.text.USBD_Stop: 60
                                .text.USBD_Std: 912
                                    *.text.USBD_StdDevReq: 588
                                    *.text.USBD_StdItfReq: 84
                                    *.text.USBD_StdEPReq: 240
                            *.text.USBD_SetClassConfig: 60
                        .text.USBD_C: 508
                            *.text.USBD_ClrClassConfig: 52
                            .text.USBD_Ctl: 456
                                .text.USBD_CtlError: 112
                                    *.text.USBD_CtlError.constprop.0: 56
                                    *.text.USBD_CtlError: 56
                                .text.USBD_CtlSend: 120
                                    *.text.USBD_CtlSendData: 60
                                    *.text.USBD_CtlSendStatus: 60
                                .text.USBD_CtlContinue: 104
                                    *.text.USBD_CtlContinueSendData: 52
                                    *.text.USBD_CtlContinueRx: 52
                                *.text.USBD_CtlPrepareRx: 60
                                *.text.USBD_CtlReceiveStatus: 60
                        *.text.USBD_ParseSetupRequest: 80
                        *.text.USBD_GetString: 92
            .text.r: 1044
                .text.re: 728
                    *.text.reduce256_modm: 324
                    .text.read_: 404
                        *.text.read_display_id: 108
                        *.text.read_vendor_header: 296
                .text.random: 240
                    *.text.random32: 68
                    .text.random_: 172
                        *.text.random_buffer: 72
                        *.text.random_delays_init: 100
                .text.rng_: 76
                    *.text.rng_read: 28
                    *.text.rng_get: 48
            .text.i: 212
                *.text.is_reduced256_modm: 96
                *.text.interpolate_color: 116
            .text.m: 860
                .text.mem: 56
                    *.text.memzero: 44
                    .text.memc: 8
                        *.text.memcpy: 4
                        *.text.memcmp: 4
                    *.text.memset: 4
                *.text.msg_parse_header: 96
                .text.mini_: 472
                    *.text.mini_itoa.part.0: 164
                    *.text.mini_vsnprintf: 244
                    *.text.mini_snprintf: 64
                .text.mpu_config_: 236
                    *.text.mpu_config_off: 44
                    *.text.mpu_config_bootloader: 192
            .text.s: 7072
                .text.sha: 3036
                    .text.sha256_: 1104
                        .text.sha256_Init: 136
                            *.text.sha256_Init.part.0: 72
                            *.text.sha256_Init: 64
                        *.text.sha256_Transform: 500
                        *.text.sha256_Update: 276
                        *.text.sha256_Final: 192
                    .text.sha512_: 1932
                        .text.sha512_Init: 140
                            *.text.sha512_Init.part.0: 76
                            *.text.sha512_Init: 64
                        *.text.sha512_Transform: 1196
                        *.text.sha512_Update: 376
                        *.text.sha512_Final: 220
                .text.se: 424
                    *.text.set_color_table: 68
                    .text.send_: 356
                        *.text.send_msg_features: 240
                        *.text.send_user_abort: 116
                .text.st: 1008
                    *.text.startup.main: 940
                    .text.str: 68
                        *.text.strlen: 4
                        *.text.strchr: 26
                        *.text.strncpy: 38
                .text.svc_: 144
                    *.text.svc_enableIRQ: 76
                    *.text.svc_setpriority.constprop.0: 68
                .text.screen_: 2460
                    .text.screen_in: 1060
                        *.text.screen_install_confirm: 488
                        *.text.screen_intro: 572
                    *.text.screen_wipe_confirm: 332
                    *.text.screen_menu: 576
                    *.text.screen_progress: 164
                    *.text.screen_connect: 68
                    *.text.screen_fwinfo: 260
            .text.u: 6704
                .text.uzlib_: 968
                    *.text.uzlib_prepare: 112
                    *.text.uzlib_get_byte: 84
                    .text.uzlib_uncompress: 772
                        *.text.uzlib_uncompress_init: 64
                        *.text.uzlib_uncompress: 708
                .text.ui_: 1864
                    .text.ui_screen_: 1756
                        .text.ui_screen_boot: 412
                            *.text.ui_screen_boot: 216
                            .text.ui_screen_boot_: 196
                                *.text.ui_screen_boot_wait: 104
                                *.text.ui_screen_boot_click: 92
                        .text.ui_screen_w: 448
                            .text.ui_screen_welcome_: 284
                                *.text.ui_screen_welcome_first: 76
                                *.text.ui_screen_welcome_second: 92
                                *.text.ui_screen_welcome_third: 116
                            .text.ui_screen_wipe: 164
                                .text.ui_screen_wipe_: 108
                                    *.text.ui_screen_wipe_confirm: 44
                                    *.text.ui_screen_wipe_progress: 64
                                *.text.ui_screen_wipe: 56
                        .text.ui_screen_in: 444
                            *.text.ui_screen_intro: 100
                            .text.ui_screen_install_: 344
                                .text.ui_screen_install_confirm_: 168
                                    *.text.ui_screen_install_confirm_upgrade: 76
                                    *.text.ui_screen_install_confirm_newvendor_or_downgrade_wipe: 92
                                *.text.ui_screen_install_start: 56
                                .text.ui_screen_install_progress_: 120
                                    *.text.ui_screen_install_progress_erase: 64
                                    *.text.ui_screen_install_progress_upload: 56
                        *.text.ui_screen_menu: 68
                        .text.ui_screen_f: 208
                            *.text.ui_screen_firmware_fingerprint: 88
                            *.text.ui_screen_fail: 120
                        *.text.ui_screen_done: 176
                    .text.ui_fade: 108
                        *.text.ui_fadein: 52
                        *.text.ui_fadeout: 56
                .text.usb_: 3856
                    .text.usb_de: 164
                        *.text.usb_desc_add_iface: 72
                        *.text.usb_deinit: 92
                    .text.usb_get_: 508
                        *.text.usb_get_dev_descriptor: 52
                        *.text.usb_get_langid_str_descriptor: 52
                        *.text.usb_get_interface_str_descriptor: 64
                        *.text.usb_get_configuration_str_descriptor: 60
                        *.text.usb_get_serial_str_descriptor: 64
                        *.text.usb_get_product_str_descriptor: 64
                        *.text.usb_get_manufacturer_str_descriptor: 64
                        *.text.usb_get_bos_descriptor: 88
                    .text.usb_class_: 1768
                        .text.usb_class_get_: 128
                            *.text.usb_class_get_cfg_desc: 52
                            *.text.usb_class_get_usrstr_desc: 76
                        .text.usb_class_d: 580
                            .text.usb_class_data_: 388
                                *.text.usb_class_data_in: 136
                                *.text.usb_class_data_out: 252
                            *.text.usb_class_deinit: 192
                        .text.usb_class_s: 800
                            *.text.usb_class_setup: 640
                            *.text.usb_class_sof: 160
                        *.text.usb_class_init: 260
                    *.text.usb_init: 392
                    .text.usb_st: 104
                        *.text.usb_start: 52
                        *.text.usb_stop: 52
                    .text.usb_webusb_: 920
                        *.text.usb_webusb_add: 256
                        .text.usb_webusb_can_: 184
                            *.text.usb_webusb_can_read: 92
                            *.text.usb_webusb_can_write: 92
                        .text.usb_webusb_read: 248
                            *.text.usb_webusb_read: 128
                            *.text.usb_webusb_read_blocking: 120
                        .text.usb_webusb_write: 232
                            *.text.usb_webusb_write: 112
                            *.text.usb_webusb_write_blocking: 120
                *.text.unlikely._ZN4core3str16slice_error_fail: 16
            .text.d: 5816
                .text.display_: 4096
                    .text.display_i: 808
                        *.text.display_identify: 104
                        *.text.display_image: 300
                        *.text.display_icon: 404
                    *.text.display_set_window: 164
                    .text.display_t: 788
                        .text.display_text: 656
                            .text.display_text_: 580
                                *.text.display_text_render: 328
                                *.text.display_text_width: 84
                                *.text.display_text_center: 112
                                *.text.display_text_height: 56
                            *.text.display_text: 76
                        *.text.display_toif_info: 132
                    *.text.display_refresh: 88
                    .text.display_ba: 676
                        .text.display_bar: 596
                            *.text.display_bar: 140
                            *.text.display_bar_radius: 456
                        *.text.display_backlight: 80
                    *.text.display_loader: 568
                    .text.display_print: 520
                        *.text.display_print_color: 56
                        *.text.display_print: 352
                        *.text.display_printf: 112
                    *.text.display_orientation: 288
                    *.text.display_clear: 108
                    *.text.display_fade: 88
                .text.decode_: 1476
                    *.text.decode_basic_field: 848
                    *.text.decode_field: 628
                *.text.drbg_random8: 244
            .text.t: 1820
                .text.tinf_: 672
                    *.text.tinf_build_tree: 140
                    *.text.tinf_getbit: 68
                    *.text.tinf_read_bits: 84
                    .text.tinf_decode_: 380
                        *.text.tinf_decode_symbol: 100
                        *.text.tinf_decode_trees: 280
                .text.touch_: 1148
                    *.text.touch_default_pin_state: 144
                    .text.touch_i: 104
                        *.text.touch_init: 44
                        *.text.touch_is_detected: 60
                    *.text.touch_sensitivity: 100
                    *.text.touch_power_on: 208
                    *.text.touch_read: 428
                    *.text.touch_click: 76
                    .text.touch_unpack_: 88
                        *.text.touch_unpack_x: 44
                        *.text.touch_unpack_y: 44
            .text.f: 640
                *.text.format_ver_bfr: 68
                .text.flash_: 572
                    *.text.flash_unlock_write: 68
                    *.text.flash_lock_write: 48
                    *.text.flash_get_address: 76
                    *.text.flash_erase_sectors: 200
                    *.text.flash_write_word: 96
                    *.text.flash_otp_read: 84
            .text.load_: 840
                .text.load_vendor_header: 232
                    *.text.load_vendor_header_keys: 56
                    *.text.load_vendor_header: 176
                *.text.load_descriptor_values: 272
                *.text.load_image_header: 336
            .text._: 6752
                .text._usb_: 400
                    .text._usb_w: 268
                        *.text._usb_write: 184
                        *.text._usb_webusb_read_retry: 84
                    *.text._usb_read: 132
                .text._re: 276
                    *.text._recv_msg: 100
                    *.text._read_payload: 176
                *.text._send_msg.isra.0: 248
                .text.__: 252
                    *.text.__fatal_error: 164
                    .text.__a: 52
                        *.text.__assert_func: 36
                        .text.__aeabi_memc: 16
                            .text.__aeabi_memcpy: 8
                                *.text.__aeabi_memcpy: 4
                                *.text.__aeabi_memcpy4: 4
                            .text.__aeabi_memclr: 8
                                *.text.__aeabi_memclr: 4
                                *.text.__aeabi_memclr4: 4
                    *.text.__stack_chk_fail: 36
                .text._put: 168
                    *.text._putc.1: 80
                    *.text._puts.0: 88
                .text._i2c_: 192
                    *.text._i2c_ensure_pin: 72
                    *.text._i2c_init: 120
                .text._ZN: 5216
                    .text._ZN4core: 352
                        .text._ZN4core3: 332
                            .text._ZN4core3ptr7: 4
                                *.text._ZN4core3ptr70drop_in_place<trezor_lib::ui::component::text::layout::TextNoOp>: 2
                                *.text._ZN4core3ptr74drop_in_place<trezor_lib::ui::component::text::layout::TextRenderer>: 2
                            .text._ZN4core3str: 318
                                .text._ZN4core3str6traits: 66
                                    *.text._ZN4core3str6traits110_<impl core::slice::index::SliceIndex<str> for core::ops::range::RangeTo<usize>>3get: 32
                                    *.text._ZN4core3str6traits66_<impl core::ops::index::Index<I> for str>5index: 34
                                *.text._ZN4core3str19slice_error_fail_rt: 196
                                *.text._ZN4core3str21_<impl str>19floor_char_boundary: 56
                            *.text._ZN4core3ops8function6FnOnce9call_once: 10
                        *.text._ZN4core10intrinsics17const_eval_select: 20
                    *.text._ZN8heapless3vec16Vec<T$C$_>4push: 70
                    .text._ZN1: 4794
                        .text._ZN10: 2620
                            .text._ZN10trezor_lib: 2580
                                .text._ZN10trezor_lib9trezorhal6common13__fatal_error: 138
                                    *.text._ZN10trezor_lib9trezorhal6common13__fatal_error: 88
                                    *.text._ZN10trezor_lib9trezorhal6common13__fatal_error11as_cstr_buf: 50
                                .text._ZN10trezor_lib2ui: 2442
                                    .text._ZN10trezor_lib2ui9component: 960
                                        *.text._ZN10trezor_lib2ui9component3pad3Pad5paint: 46
                                        .text._ZN10trezor_lib2ui9component4text: 914
                                            .text._ZN10trezor_lib2ui9component4text6layout10: 758
                                                .text._ZN10trezor_lib2ui9component4text6layout10TextLayout1: 748
                                                    *.text._ZN10trezor_lib2ui9component4text6layout10TextLayout14initial_cursor: 34
                                                    *.text._ZN10trezor_lib2ui9component4text6layout10TextLayout11layout_text: 690
                                                    *.text._ZN10trezor_lib2ui9component4text6layout10TextLayout13layout_height: 24
                                                .text._ZN10trezor_lib2ui9component4text6layout10LayoutSink: 10
                                                    *.text._ZN10trezor_lib2ui9component4text6layout10LayoutSink4text: 2
                                                    *.text._ZN10trezor_lib2ui9component4text6layout10LayoutSink6hyphen: 2
                                                    *.text._ZN10trezor_lib2ui9component4text6layout10LayoutSink8ellipsis: 2
                                                    .text._ZN10trezor_lib2ui9component4text6layout10LayoutSink1: 4
                                                        *.text._ZN10trezor_lib2ui9component4text6layout10LayoutSink10line_break: 2
                                                        *.text._ZN10trezor_lib2ui9component4text6layout10LayoutSink13out_of_bounds: 2
                                            .text._ZN10trezor_lib2ui9component4text10paragraphs1: 156
                                                .text._ZN10trezor_lib2ui9component4text10paragraphs19Paragraphs<T>3: 152
                                                    *.text._ZN10trezor_lib2ui9component4text10paragraphs19Paragraphs<T>3new: 64
                                                    *.text._ZN10trezor_lib2ui9component4text10paragraphs19Paragraphs<T>3add: 88
                                                *.text._ZN10trezor_lib2ui9component4text10paragraphs18Paragraph<T>7content: 4
                                    .text._ZN10trezor_lib2ui7display: 562
                                        *.text._ZN10trezor_lib2ui7display9rect_fill: 30
                                        .text._ZN10trezor_lib2ui7display1: 196
                                            *.text._ZN10trezor_lib2ui7display17rect_fill_rounded: 76
                                            *.text._ZN10trezor_lib2ui7display11text_center: 66
                                            *.text._ZN10trezor_lib2ui7display13text_top_left: 54
                                        .text._ZN10trezor_lib2ui7display4: 336
                                            *.text._ZN10trezor_lib2ui7display4icon: 184
                                            .text._ZN10trezor_lib2ui7display4Font1: 152
                                                *.text._ZN10trezor_lib2ui7display4Font10char_width: 140
                                                *.text._ZN10trezor_lib2ui7display4Font11line_height: 12
                                    .text._ZN10trezor_lib2ui8: 920
                                        .text._ZN10trezor_lib2ui8geometry4Rect: 60
                                            *.text._ZN10trezor_lib2ui8geometry4Rect6center: 22
                                            *.text._ZN10trezor_lib2ui8geometry4Rect8contains: 38
                                        .text._ZN10trezor_lib2ui8model_tt: 860
                                            .text._ZN10trezor_lib2ui8model_tt10bootloader: 834
                                                *.text._ZN10trezor_lib2ui8model_tt10bootloader6fadein: 64
                                                .text._ZN10trezor_lib2ui8model_tt10bootloader1: 524
                                                    .text._ZN10trezor_lib2ui8model_tt10bootloader10: 184
                                                        *.text._ZN10trezor_lib2ui8model_tt10bootloader10from_c_str: 108
                                                        *.text._ZN10trezor_lib2ui8model_tt10bootloader10touch_eval: 76
                                                    *.text._ZN10trezor_lib2ui8model_tt10bootloader12from_c_array: 340
                                                *.text._ZN10trezor_lib2ui8model_tt10bootloader25BootloaderLayout<F>7process: 246
                                            *.text._ZN10trezor_lib2ui8model_tt9component6button15Button<T>5style: 26
                            *.text._ZN108_<core::option::Option<T> as trezor_lib::trezorhal::common::UnwrapOrFatalError<T>>21unwrap_or_fatal_error: 40
                        .text._ZN11: 1698
                            .text._ZN110_<trezor_lib::ui::component::base::Child<T> as trezor_lib::ui::component::base::Component>5: 1280
                                .text._ZN110_<trezor_lib::ui::component::base::Child<T> as trezor_lib::ui::component::base::Component>5p: 924
                                    *.text._ZN110_<trezor_lib::ui::component::base::Child<T> as trezor_lib::ui::component::base::Component>5place: 496
                                    *.text._ZN110_<trezor_lib::ui::component::base::Child<T> as trezor_lib::ui::component::base::Component>5paint: 428
                                *.text._ZN110_<trezor_lib::ui::component::base::Child<T> as trezor_lib::ui::component::base::Component>5event: 356
                            *.text._ZN117_<trezor_lib::ui::model_tt::bootloader::confirm::Confirm as trezor_lib::ui::component::base::Component>5paint: 150
                            *.text._ZN115_<trezor_lib::ui::model_tt::bootloader::fwinfo::FwInfo as trezor_lib::ui::component::base::Component>5paint: 172
                            *.text._ZN113_<trezor_lib::ui::model_tt::bootloader::intro::Intro as trezor_lib::ui::component::base::Component>5paint: 44
                            *.text._ZN111_<trezor_lib::ui::model_tt::bootloader::menu::Menu as trezor_lib::ui::component::base::Component>5paint: 52
                        .text._ZN125_<trezor_lib::ui::component::text::layout::TextRenderer as trezor_lib::ui::component::text::layout::LayoutSink>: 102
                            *.text._ZN125_<trezor_lib::ui::component::text::layout::TextRenderer as trezor_lib::ui::component::text::layout::LayoutSink>4text: 30
                            *.text._ZN125_<trezor_lib::ui::component::text::layout::TextRenderer as trezor_lib::ui::component::text::layout::LayoutSink>6hyphen: 36
                            *.text._ZN125_<trezor_lib::ui::component::text::layout::TextRenderer as trezor_lib::ui::component::text::layout::LayoutSink>8ellipsis: 36
                        .text._ZN17compiler_builtins3: 374
                            .text._ZN17compiler_builtins3mem6: 294
                                .text._ZN17compiler_builtins3mem6mem: 280
                                    .text._ZN17compiler_builtins3mem6memc: 182
                                        *.text._ZN17compiler_builtins3mem6memcpy: 154
                                        *.text._ZN17compiler_builtins3mem6memcmp: 28
                                    *.text._ZN17compiler_builtins3mem6memset: 98
                                *.text._ZN17compiler_builtins3mem6strlen: 14
                            .text._ZN17compiler_builtins3arm1: 80
                                .text._ZN17compiler_builtins3arm14__aeabi_mem: 20
                                    .text._ZN17compiler_builtins3arm14__aeabi_memc: 10
                                        *.text._ZN17compiler_builtins3arm14__aeabi_memcpy: 4
                                        *.text._ZN17compiler_builtins3arm14__aeabi_memclr: 6
                                    *.text._ZN17compiler_builtins3arm14__aeabi_memset: 10
                                .text._ZN17compiler_builtins3arm15__aeabi_mem: 60
                                    .text._ZN17compiler_builtins3arm15__aeabi_memc: 22
                                        *.text._ZN17compiler_builtins3arm15__aeabi_memcpy4: 16
                                        *.text._ZN17compiler_builtins3arm15__aeabi_memclr4: 6
                                    *.text._ZN17compiler_builtins3arm15__aeabi_memset4: 38
            .text.p: 6940
                .text.process_msg_: 2312
                    *.text.process_msg_Initialize: 76
                    *.text.process_msg_GetFeatures: 76
                    *.text.process_msg_Ping: 176
                    .text.process_msg_Firmware: 1652
                        *.text.process_msg_FirmwareErase: 232
                        *.text.process_msg_FirmwareUpload: 1420
                    *.text.process_msg_WipeDevice: 184
                    *.text.process_msg_unknown: 148
                .text.pb_: 4628
                    .text.pb_field_iter_: 544
                        .text.pb_field_iter_begin: 228
                            *.text.pb_field_iter_begin: 64
                            .text.pb_field_iter_begin_: 164
                                .text.pb_field_iter_begin_extension: 116
                                    *.text.pb_field_iter_begin_extension: 72
                                    *.text.pb_field_iter_begin_extension_const: 44
                                *.text.pb_field_iter_begin_const: 48
                        *.text.pb_field_iter_next: 60
                        .text.pb_field_iter_find: 256
                            *.text.pb_field_iter_find: 136
                            *.text.pb_field_iter_find_extension: 120
                    .text.pb_de: 1544
                        *.text.pb_default_field_callback: 120
                        .text.pb_decode_: 1424
                            .text.pb_decode_varint: 380
                                .text.pb_decode_varint32: 240
                                    *.text.pb_decode_varint32_eof: 192
                                    *.text.pb_decode_varint32: 48
                                *.text.pb_decode_varint: 140
                            *.text.pb_decode_tag: 72
                            *.text.pb_decode_bool: 60
                            *.text.pb_decode_svarint: 76
                            .text.pb_decode_fixed: 116
                                *.text.pb_decode_fixed32: 56
                                *.text.pb_decode_fixed64: 60
                            *.text.pb_decode_inner: 600
                            *.text.pb_decode_ex: 120
                    *.text.pb_validate_utf8: 220
                    .text.pb_read: 320
                        *.text.pb_readbyte: 96
                        *.text.pb_read: 72
                        *.text.pb_read.part.0: 152
                    *.text.pb_skip_field: 164
                    .text.pb_m: 412
                        *.text.pb_make_string_substream: 96
                        *.text.pb_message_set_to_defaults: 316
                    .text.pb_c: 308
                        *.text.pb_close_string_substream: 72
                        *.text.pb_check_proto3_default_value: 236
                    *.text.pb_write: 112
                    .text.pb_encode: 1004
                        .text.pb_encode_: 852
                            *.text.pb_encode_varint: 164
                            .text.pb_encode_s: 332
                                *.text.pb_encode_svarint: 64
                                *.text.pb_encode_string: 84
                                *.text.pb_encode_submessage: 184
                            .text.pb_encode_fixed: 168
                                *.text.pb_encode_fixed32: 72
                                *.text.pb_encode_fixed64: 96
                            .text.pb_encode_tag: 188
                                *.text.pb_encode_tag: 56
                                *.text.pb_encode_tag_for_field: 132
                        *.text.pb_encode: 152
            .text.a: 124
                *.text.advance_iterator: 116
                *.text.abs: 8
            .text.HAL_: 7084
                .text.HAL_G: 668
                    *.text.HAL_GetTick: 48
                    .text.HAL_GPIO_: 620
                        *.text.HAL_GPIO_Init: 520
                        *.text.HAL_GPIO_ReadPin: 52
                        *.text.HAL_GPIO_WritePin: 48
                *.text.HAL_Delay: 68
                *.text.HAL_NVIC_EnableIRQ: 68
                .text.HAL_MPU_: 136
                    *.text.HAL_MPU_Disable: 64
                    *.text.HAL_MPU_Enable: 72
                .text.HAL_FLASH: 500
                    .text.HAL_FLASH_: 300
                        *.text.HAL_FLASH_Unlock: 72
                        *.text.HAL_FLASH_Lock: 56
                        *.text.HAL_FLASH_Program: 172
                    *.text.HAL_FLASHEx_Erase: 200
                .text.HAL_I2C_: 1680
                    *.text.HAL_I2C_Init: 252
                    *.text.HAL_I2C_DeInit: 84
                    .text.HAL_I2C_M: 1344
                        .text.HAL_I2C_Master_: 1220
                            *.text.HAL_I2C_Master_Transmit: 468
                            *.text.HAL_I2C_Master_Receive: 752
                        .text.HAL_I2C_Msp: 124
                            *.text.HAL_I2C_MspInit: 68
                            *.text.HAL_I2C_MspDeInit: 56
                .text.HAL_PCD: 3832
                    .text.HAL_PCD_: 3684
                        .text.HAL_PCD_I: 1740
                            *.text.HAL_PCD_Init: 244
                            *.text.HAL_PCD_IRQHandler: 1400
                            .text.HAL_PCD_ISO: 96
                                *.text.HAL_PCD_ISOOUTIncompleteCallback: 48
                                *.text.HAL_PCD_ISOINIncompleteCallback: 48
                        .text.HAL_PCD_S: 380
                            .text.HAL_PCD_St: 160
                                *.text.HAL_PCD_Start: 76
                                *.text.HAL_PCD_Stop: 84
                            .text.HAL_PCD_Set: 124
                                *.text.HAL_PCD_SetAddress: 72
                                *.text.HAL_PCD_SetupStageCallback: 52
                            *.text.HAL_PCD_SOFCallback: 48
                            *.text.HAL_PCD_SuspendCallback: 48
                        .text.HAL_PCD_D: 240
                            *.text.HAL_PCD_DeInit: 68
                            .text.HAL_PCD_Data: 124
                                *.text.HAL_PCD_DataOutStageCallback: 64
                                *.text.HAL_PCD_DataInStageCallback: 60
                            *.text.HAL_PCD_DisconnectCallback: 48
                        .text.HAL_PCD_EP_: 804
                            *.text.HAL_PCD_EP_Open: 124
                            .text.HAL_PCD_EP_Cl: 212
                                *.text.HAL_PCD_EP_Close: 104
                                *.text.HAL_PCD_EP_ClrStall: 108
                            *.text.HAL_PCD_EP_Receive: 108
                            *.text.HAL_PCD_EP_GetRxCount: 56
                            *.text.HAL_PCD_EP_Transmit: 100
                            *.text.HAL_PCD_EP_SetStall: 120
                            *.text.HAL_PCD_EP_Flush: 84
                        .text.HAL_PCD_Msp: 356
                            *.text.HAL_PCD_MspInit: 264
                            *.text.HAL_PCD_MspDeInit: 92
                        .text.HAL_PCD_Res: 116
                            *.text.HAL_PCD_ResetCallback: 68
                            *.text.HAL_PCD_ResumeCallback: 48
                        *.text.HAL_PCD_ConnectCallback: 48
                    .text.HAL_PCDEx_Set: 148
                        *.text.HAL_PCDEx_SetTxFiFo: 100
                        *.text.HAL_PCDEx_SetRxFiFo: 48
                .text.HAL_RCC_Get: 132
                    *.text.HAL_RCC_GetHCLKFreq: 48
                    *.text.HAL_RCC_GetPCLK1Freq: 84
            .text.FLASH_: 852
                .text.FLASH_Program_: 216
                    *.text.FLASH_Program_DoubleWord: 72
                    *.text.FLASH_Program_Word: 72
                    *.text.FLASH_Program_HalfWord: 72
                *.text.FLASH_SetErrorCode: 176
                *.text.FLASH_WaitForLastOperation: 116
                *.text.FLASH_MassErase: 92
                *.text.FLASH_Erase_Sector: 128
                *.text.FLASH_FlushCaches: 124
            .text.I2C_: 704
                *.text.I2C_IsAcknowledgeFailed: 80
                .text.I2C_WaitOn: 624
                    *.text.I2C_WaitOnFlagUntilTimeout: 132
                    *.text.I2C_WaitOnMasterAddressFlagUntilTimeout: 144
                    *.text.I2C_WaitOnRXNEFlagUntilTimeout: 124
                    *.text.I2C_WaitOnBTFFlagUntilTimeout: 112
                    *.text.I2C_WaitOnTXEFlagUntilTimeout: 112
            *.text.hal_delay: 44
            *.text.vendor_header_hash: 88
            *.text.wait_random: 116
            *.text.PVD_IRQHandler: 16
            *.text.SysTick_Handler: 84
            .text.O: 354
                .text.OTG_HS_: 228
                    *.text.OTG_HS_IRQHandler: 76
                    *.text.OTG_HS_WKUP_IRQHandler: 152
                .text.OUTLINED_FUNCTION_: 126
                    *.text.OUTLINED_FUNCTION_0: 20
                    *.text.OUTLINED_FUNCTION_1: 20
                    *.text.OUTLINED_FUNCTION_2: 12
                    *.text.OUTLINED_FUNCTION_3: 14
                    *.text.OUTLINED_FUNCTION_4: 14
                    *.text.OUTLINED_FUNCTION_5: 6
                    *.text.OUTLINED_FUNCTION_6: 6
                    .text.OUTLINED_FUNCTION_7: 12
                        *.text.OUTLINED_FUNCTION_7: 6
                        *.text.OUTLINED_FUNCTION_71: 6
                    .text.OUTLINED_FUNCTION_8: 22
                        *.text.OUTLINED_FUNCTION_8: 6
                        *.text.OUTLINED_FUNCTION_89: 16
        *.text: 40
    .rodata: 37478
        .rodata.: 35248
            .rodata.c: 528
                .rodata.ch: 201
                    *.rodata.chacha_drbg_generate.str1.1: 86
                    *.rodata.check_vendor_header_lock.str1.1: 115
                *.rodata.cornertable: 256
                *.rodata.clcidx: 19
                .rodata.cst: 52
                    *.rodata.cst32: 32
                    *.rodata.cst4: 4
                    *.rodata.cst16: 16
            .rodata._: 404
                .rodata.__: 261
                    .rodata.__f: 227
                        .rodata.__func__.: 108
                            *.rodata.__func__.1: 14
                            *.rodata.__func__.0: 5
                            *.rodata.__func__.3: 17
                            *.rodata.__func__.4: 18
                            *.rodata.__func__.2: 20
                            *.rodata.__func__.7: 9
                            *.rodata.__func__.5: 10
                            *.rodata.__func__.6: 15
                        *.rodata.__fatal_error.str1.1: 119
                    *.rodata.__assert_func.str1.1: 14
                    *.rodata.__stack_chk_fail.str1.1: 20
                .rodata._usb_w: 110
                    *.rodata._usb_write.str1.1: 61
                    *.rodata._usb_webusb_read_retry.str1.1: 49
                *.rodata._i2c_init.str1.1: 33
            .rodata.s: 241
                *.rodata.sigma: 16
                .rodata.sha: 96
                    *.rodata.sha256_initial_hash_value: 32
                    *.rodata.sha512_initial_hash_value: 64
                *.rodata.str1.1: 99
                .rodata.se: 30
                    *.rodata.send_msg_features.str1.1: 12
                    *.rodata.sectors.0: 18
            .rodata.t: 4023
                *.rodata.tau: 16
                .rodata.to: 4007
                    .rodata.toi_icon_: 3747
                        *.rodata.toi_icon_done: 218
                        *.rodata.toi_icon_fail: 301
                        *.rodata.toi_icon_logo: 1169
                        *.rodata.toi_icon_safeplace: 1230
                        *.rodata.toi_icon_welcome: 829
                    .rodata.touch_: 260
                        *.rodata.touch_sensitivity.str1.1: 133
                        *.rodata.touch_power_on.str1.1: 127
            .rodata.ge25519_: 280
                *.rodata.ge25519_basepoint: 160
                .rodata.ge25519_ec: 80
                    *.rodata.ge25519_ec2d: 40
                    *.rodata.ge25519_ecd: 40
                *.rodata.ge25519_sqrtneg1: 40
            .rodata.m: 549
                *.rodata.modm_m: 36
                *.rodata.main.str1.1: 513
            .rodata.K: 896
                *.rodata.K256: 256
                *.rodata.K512: 640
            .rodata.d: 409
                .rodata.dis: 99
                    .rodata.display_: 9
                        *.rodata.display_toif_info.str1.1: 4
                        *.rodata.display_loader.str1.1: 5
                    .rodata.dist_b: 90
                        *.rodata.dist_base: 60
                        *.rodata.dist_bits: 30
                .rodata.decode_: 261
                    *.rodata.decode_basic_field.str1.1: 207
                    *.rodata.decode_field.str1.1: 54
                *.rodata.drbg_random8.str1.1: 49
            .rodata.CSWTCH.1: 25
                *.rodata.CSWTCH.128: 20
                *.rodata.CSWTCH.151: 5
            *.rodata.img_loader: 7200
            .rodata.F: 18485
                .rodata.Font_: 18040
                    *.rodata.Font_Bitmap: 4
                    .rodata.Font_TTHoves_: 18036
                        .rodata.Font_TTHoves_Bold_16: 5430
                            *.rodata.Font_TTHoves_Bold_16: 380
                            .rodata.Font_TTHoves_Bold_16_glyph_: 5050
                                .rodata.Font_TTHoves_Bold_16_glyph_1: 1339
                                    .rodata.Font_TTHoves_Bold_16_glyph_10: 494
                                        *.rodata.Font_TTHoves_Bold_16_glyph_100: 65
                                        *.rodata.Font_TTHoves_Bold_16_glyph_101: 46
                                        *.rodata.Font_TTHoves_Bold_16_glyph_102: 41
                                        *.rodata.Font_TTHoves_Bold_16_glyph_103: 64
                                        *.rodata.Font_TTHoves_Bold_16_glyph_104: 53
                                        *.rodata.Font_TTHoves_Bold_16_glyph_105: 31
                                        *.rodata.Font_TTHoves_Bold_16_glyph_106: 48
                                        *.rodata.Font_TTHoves_Bold_16_glyph_107: 59
                                        *.rodata.Font_TTHoves_Bold_16_glyph_108: 23
                                        *.rodata.Font_TTHoves_Bold_16_glyph_109: 64
                                    .rodata.Font_TTHoves_Bold_16_glyph_11: 511
                                        *.rodata.Font_TTHoves_Bold_16_glyph_110: 46
                                        *.rodata.Font_TTHoves_Bold_16_glyph_111: 50
                                        *.rodata.Font_TTHoves_Bold_16_glyph_112: 70
                                        *.rodata.Font_TTHoves_Bold_16_glyph_113: 70
                                        *.rodata.Font_TTHoves_Bold_16_glyph_114: 37
                                        *.rodata.Font_TTHoves_Bold_16_glyph_115: 41
                                        *.rodata.Font_TTHoves_Bold_16_glyph_116: 41
                                        *.rodata.Font_TTHoves_Bold_16_glyph_117: 46
                                        *.rodata.Font_TTHoves_Bold_16_glyph_118: 46
                                        *.rodata.Font_TTHoves_Bold_16_glyph_119: 64
                                    .rodata.Font_TTHoves_Bold_16_glyph_12: 334
                                        *.rodata.Font_TTHoves_Bold_16_glyph_120: 50
                                        *.rodata.Font_TTHoves_Bold_16_glyph_121: 70
                                        *.rodata.Font_TTHoves_Bold_16_glyph_122: 41
                                        *.rodata.Font_TTHoves_Bold_16_glyph_123: 53
                                        *.rodata.Font_TTHoves_Bold_16_glyph_124: 37
                                        *.rodata.Font_TTHoves_Bold_16_glyph_125: 53
                                        *.rodata.Font_TTHoves_Bold_16_glyph_126: 30
                                .rodata.Font_TTHoves_Bold_16_glyph_3: 371
                                    *.rodata.Font_TTHoves_Bold_16_glyph_32: 5
                                    *.rodata.Font_TTHoves_Bold_16_glyph_33: 23
                                    *.rodata.Font_TTHoves_Bold_16_glyph_34: 19
                                    *.rodata.Font_TTHoves_Bold_16_glyph_35: 77
                                    *.rodata.Font_TTHoves_Bold_16_glyph_36: 80
                                    *.rodata.Font_TTHoves_Bold_16_glyph_37: 83
                                    *.rodata.Font_TTHoves_Bold_16_glyph_38: 71
                                    *.rodata.Font_TTHoves_Bold_16_glyph_39: 13
                                .rodata.Font_TTHoves_Bold_16_glyph_4: 381
                                    *.rodata.Font_TTHoves_Bold_16_glyph_40: 45
                                    *.rodata.Font_TTHoves_Bold_16_glyph_41: 53
                                    *.rodata.Font_TTHoves_Bold_16_glyph_42: 33
                                    *.rodata.Font_TTHoves_Bold_16_glyph_43: 37
                                    *.rodata.Font_TTHoves_Bold_16_glyph_44: 13
                                    *.rodata.Font_TTHoves_Bold_16_glyph_45: 16
                                    *.rodata.Font_TTHoves_Bold_16_glyph_46: 11
                                    *.rodata.Font_TTHoves_Bold_16_glyph_47: 61
                                    *.rodata.Font_TTHoves_Bold_16_glyph_48: 71
                                    *.rodata.Font_TTHoves_Bold_16_glyph_49: 41
                                .rodata.Font_TTHoves_Bold_16_glyph_5: 526
                                    *.rodata.Font_TTHoves_Bold_16_glyph_50: 59
                                    *.rodata.Font_TTHoves_Bold_16_glyph_51: 59
                                    *.rodata.Font_TTHoves_Bold_16_glyph_52: 65
                                    *.rodata.Font_TTHoves_Bold_16_glyph_53: 59
                                    *.rodata.Font_TTHoves_Bold_16_glyph_54: 59
                                    *.rodata.Font_TTHoves_Bold_16_glyph_55: 59
                                    *.rodata.Font_TTHoves_Bold_16_glyph_56: 59
                                    *.rodata.Font_TTHoves_Bold_16_glyph_57: 59
                                    *.rodata.Font_TTHoves_Bold_16_glyph_58: 23
                                    *.rodata.Font_TTHoves_Bold_16_glyph_59: 25
                                .rodata.Font_TTHoves_Bold_16_glyph_6: 618
                                    *.rodata.Font_TTHoves_Bold_16_glyph_60: 41
                                    *.rodata.Font_TTHoves_Bold_16_glyph_61: 30
                                    *.rodata.Font_TTHoves_Bold_16_glyph_62: 41
                                    *.rodata.Font_TTHoves_Bold_16_glyph_63: 59
                                    *.rodata.Font_TTHoves_Bold_16_glyph_64: 110
                                    *.rodata.Font_TTHoves_Bold_16_glyph_65: 83
                                    *.rodata.Font_TTHoves_Bold_16_glyph_66: 59
                                    *.rodata.Font_TTHoves_Bold_16_glyph_67: 77
                                    *.rodata.Font_TTHoves_Bold_16_glyph_68: 65
                                    *.rodata.Font_TTHoves_Bold_16_glyph_69: 53
                                .rodata.Font_TTHoves_Bold_16_glyph_7: 602
                                    *.rodata.Font_TTHoves_Bold_16_glyph_70: 53
                                    *.rodata.Font_TTHoves_Bold_16_glyph_71: 77
                                    *.rodata.Font_TTHoves_Bold_16_glyph_72: 65
                                    *.rodata.Font_TTHoves_Bold_16_glyph_73: 23
                                    *.rodata.Font_TTHoves_Bold_16_glyph_74: 41
                                    *.rodata.Font_TTHoves_Bold_16_glyph_75: 65
                                    *.rodata.Font_TTHoves_Bold_16_glyph_76: 53
                                    *.rodata.Font_TTHoves_Bold_16_glyph_77: 83
                                    *.rodata.Font_TTHoves_Bold_16_glyph_78: 65
                                    *.rodata.Font_TTHoves_Bold_16_glyph_79: 77
                                .rodata.Font_TTHoves_Bold_16_glyph_8: 734
                                    *.rodata.Font_TTHoves_Bold_16_glyph_80: 59
                                    *.rodata.Font_TTHoves_Bold_16_glyph_81: 83
                                    *.rodata.Font_TTHoves_Bold_16_glyph_82: 65
                                    *.rodata.Font_TTHoves_Bold_16_glyph_83: 65
                                    *.rodata.Font_TTHoves_Bold_16_glyph_84: 65
                                    *.rodata.Font_TTHoves_Bold_16_glyph_85: 65
                                    *.rodata.Font_TTHoves_Bold_16_glyph_86: 77
                                    *.rodata.Font_TTHoves_Bold_16_glyph_87: 101
                                    *.rodata.Font_TTHoves_Bold_16_glyph_88: 77
                                    *.rodata.Font_TTHoves_Bold_16_glyph_89: 77
                                .rodata.Font_TTHoves_Bold_16_glyph_9: 420
                                    *.rodata.Font_TTHoves_Bold_16_glyph_90: 65
                                    *.rodata.Font_TTHoves_Bold_16_glyph_91: 45
                                    *.rodata.Font_TTHoves_Bold_16_glyph_92: 61
                                    *.rodata.Font_TTHoves_Bold_16_glyph_93: 45
                                    *.rodata.Font_TTHoves_Bold_16_glyph_94: 23
                                    *.rodata.Font_TTHoves_Bold_16_glyph_95: 17
                                    *.rodata.Font_TTHoves_Bold_16_glyph_96: 13
                                    *.rodata.Font_TTHoves_Bold_16_glyph_97: 46
                                    *.rodata.Font_TTHoves_Bold_16_glyph_98: 59
                                    *.rodata.Font_TTHoves_Bold_16_glyph_99: 46
                                *.rodata.Font_TTHoves_Bold_16_glyph_nonprintable: 59
                        .rodata.Font_TTHoves_Medium_20: 6861
                            *.rodata.Font_TTHoves_Medium_20: 380
                            .rodata.Font_TTHoves_Medium_20_glyph_: 6481
                                .rodata.Font_TTHoves_Medium_20_glyph_1: 1603
                                    .rodata.Font_TTHoves_Medium_20_glyph_10: 610
                                        *.rodata.Font_TTHoves_Medium_20_glyph_100: 82
                                        *.rodata.Font_TTHoves_Medium_20_glyph_101: 60
                                        *.rodata.Font_TTHoves_Medium_20_glyph_102: 54
                                        *.rodata.Font_TTHoves_Medium_20_glyph_103: 82
                                        *.rodata.Font_TTHoves_Medium_20_glyph_104: 75
                                        *.rodata.Font_TTHoves_Medium_20_glyph_105: 26
                                        *.rodata.Font_TTHoves_Medium_20_glyph_106: 50
                                        *.rodata.Font_TTHoves_Medium_20_glyph_107: 75
                                        *.rodata.Font_TTHoves_Medium_20_glyph_108: 26
                                        *.rodata.Font_TTHoves_Medium_20_glyph_109: 80
                                    .rodata.Font_TTHoves_Medium_20_glyph_11: 615
                                        *.rodata.Font_TTHoves_Medium_20_glyph_110: 55
                                        *.rodata.Font_TTHoves_Medium_20_glyph_111: 60
                                        *.rodata.Font_TTHoves_Medium_20_glyph_112: 82
                                        *.rodata.Font_TTHoves_Medium_20_glyph_113: 82
                                        *.rodata.Font_TTHoves_Medium_20_glyph_114: 35
                                        *.rodata.Font_TTHoves_Medium_20_glyph_115: 50
                                        *.rodata.Font_TTHoves_Medium_20_glyph_116: 51
                                        *.rodata.Font_TTHoves_Medium_20_glyph_117: 55
                                        *.rodata.Font_TTHoves_Medium_20_glyph_118: 60
                                        *.rodata.Font_TTHoves_Medium_20_glyph_119: 85
                                    .rodata.Font_TTHoves_Medium_20_glyph_12: 378
                                        *.rodata.Font_TTHoves_Medium_20_glyph_120: 55
                                        *.rodata.Font_TTHoves_Medium_20_glyph_121: 82
                                        *.rodata.Font_TTHoves_Medium_20_glyph_122: 50
                                        *.rodata.Font_TTHoves_Medium_20_glyph_123: 62
                                        *.rodata.Font_TTHoves_Medium_20_glyph_124: 34
                                        *.rodata.Font_TTHoves_Medium_20_glyph_125: 62
                                        *.rodata.Font_TTHoves_Medium_20_glyph_126: 33
                                .rodata.Font_TTHoves_Medium_20_glyph_3: 481
                                    *.rodata.Font_TTHoves_Medium_20_glyph_32: 5
                                    *.rodata.Font_TTHoves_Medium_20_glyph_33: 26
                                    *.rodata.Font_TTHoves_Medium_20_glyph_34: 17
                                    *.rodata.Font_TTHoves_Medium_20_glyph_35: 103
                                    *.rodata.Font_TTHoves_Medium_20_glyph_36: 113
                                    *.rodata.Font_TTHoves_Medium_20_glyph_37: 110
                                    *.rodata.Font_TTHoves_Medium_20_glyph_38: 96
                                    *.rodata.Font_TTHoves_Medium_20_glyph_39: 11
                                .rodata.Font_TTHoves_Medium_20_glyph_4: 466
                                    *.rodata.Font_TTHoves_Medium_20_glyph_40: 62
                                    *.rodata.Font_TTHoves_Medium_20_glyph_41: 62
                                    *.rodata.Font_TTHoves_Medium_20_glyph_42: 41
                                    *.rodata.Font_TTHoves_Medium_20_glyph_43: 50
                                    *.rodata.Font_TTHoves_Medium_20_glyph_44: 13
                                    *.rodata.Font_TTHoves_Medium_20_glyph_45: 13
                                    *.rodata.Font_TTHoves_Medium_20_glyph_46: 8
                                    *.rodata.Font_TTHoves_Medium_20_glyph_47: 81
                                    *.rodata.Font_TTHoves_Medium_20_glyph_48: 89
                                    *.rodata.Font_TTHoves_Medium_20_glyph_49: 47
                                .rodata.Font_TTHoves_Medium_20_glyph_5: 698
                                    *.rodata.Font_TTHoves_Medium_20_glyph_50: 82
                                    *.rodata.Font_TTHoves_Medium_20_glyph_51: 82
                                    *.rodata.Font_TTHoves_Medium_20_glyph_52: 82
                                    *.rodata.Font_TTHoves_Medium_20_glyph_53: 82
                                    *.rodata.Font_TTHoves_Medium_20_glyph_54: 82
                                    *.rodata.Font_TTHoves_Medium_20_glyph_55: 75
                                    *.rodata.Font_TTHoves_Medium_20_glyph_56: 82
                                    *.rodata.Font_TTHoves_Medium_20_glyph_57: 82
                                    *.rodata.Font_TTHoves_Medium_20_glyph_58: 20
                                    *.rodata.Font_TTHoves_Medium_20_glyph_59: 29
                                .rodata.Font_TTHoves_Medium_20_glyph_6: 799
                                    *.rodata.Font_TTHoves_Medium_20_glyph_60: 46
                                    *.rodata.Font_TTHoves_Medium_20_glyph_61: 32
                                    *.rodata.Font_TTHoves_Medium_20_glyph_62: 46
                                    *.rodata.Font_TTHoves_Medium_20_glyph_63: 75
                                    *.rodata.Font_TTHoves_Medium_20_glyph_64: 141
                                    *.rodata.Font_TTHoves_Medium_20_glyph_65: 103
                                    *.rodata.Font_TTHoves_Medium_20_glyph_66: 82
                                    *.rodata.Font_TTHoves_Medium_20_glyph_67: 103
                                    *.rodata.Font_TTHoves_Medium_20_glyph_68: 96
                                    *.rodata.Font_TTHoves_Medium_20_glyph_69: 75
                                .rodata.Font_TTHoves_Medium_20_glyph_7: 820
                                    *.rodata.Font_TTHoves_Medium_20_glyph_70: 75
                                    *.rodata.Font_TTHoves_Medium_20_glyph_71: 103
                                    *.rodata.Font_TTHoves_Medium_20_glyph_72: 89
                                    *.rodata.Font_TTHoves_Medium_20_glyph_73: 26
                                    *.rodata.Font_TTHoves_Medium_20_glyph_74: 54
                                    *.rodata.Font_TTHoves_Medium_20_glyph_75: 82
                                    *.rodata.Font_TTHoves_Medium_20_glyph_76: 75
                                    *.rodata.Font_TTHoves_Medium_20_glyph_77: 117
                                    *.rodata.Font_TTHoves_Medium_20_glyph_78: 89
                                    *.rodata.Font_TTHoves_Medium_20_glyph_79: 110
                                .rodata.Font_TTHoves_Medium_20_glyph_8: 995
                                    *.rodata.Font_TTHoves_Medium_20_glyph_80: 82
                                    *.rodata.Font_TTHoves_Medium_20_glyph_81: 110
                                    *.rodata.Font_TTHoves_Medium_20_glyph_82: 89
                                    *.rodata.Font_TTHoves_Medium_20_glyph_83: 89
                                    *.rodata.Font_TTHoves_Medium_20_glyph_84: 89
                                    *.rodata.Font_TTHoves_Medium_20_glyph_85: 89
                                    *.rodata.Font_TTHoves_Medium_20_glyph_86: 103
                                    *.rodata.Font_TTHoves_Medium_20_glyph_87: 145
                                    *.rodata.Font_TTHoves_Medium_20_glyph_88: 96
                                    *.rodata.Font_TTHoves_Medium_20_glyph_89: 103
                                .rodata.Font_TTHoves_Medium_20_glyph_9: 544
                                    *.rodata.Font_TTHoves_Medium_20_glyph_90: 89
                                    *.rodata.Font_TTHoves_Medium_20_glyph_91: 62
                                    *.rodata.Font_TTHoves_Medium_20_glyph_92: 81
                                    *.rodata.Font_TTHoves_Medium_20_glyph_93: 62
                                    *.rodata.Font_TTHoves_Medium_20_glyph_94: 26
                                    *.rodata.Font_TTHoves_Medium_20_glyph_95: 14
                                    *.rodata.Font_TTHoves_Medium_20_glyph_96: 13
                                    *.rodata.Font_TTHoves_Medium_20_glyph_97: 55
                                    *.rodata.Font_TTHoves_Medium_20_glyph_98: 82
                                    *.rodata.Font_TTHoves_Medium_20_glyph_99: 60
                                *.rodata.Font_TTHoves_Medium_20_glyph_nonprintable: 75
                        .rodata.Font_TTHoves_Regular_18: 5745
                            *.rodata.Font_TTHoves_Regular_18: 380
                            .rodata.Font_TTHoves_Regular_18_glyph_: 5365
                                .rodata.Font_TTHoves_Regular_18_glyph_1: 1301
                                    .rodata.Font_TTHoves_Regular_18_glyph_10: 499
                                        *.rodata.Font_TTHoves_Regular_18_glyph_100: 70
                                        *.rodata.Font_TTHoves_Regular_18_glyph_101: 50
                                        *.rodata.Font_TTHoves_Regular_18_glyph_102: 44
                                        *.rodata.Font_TTHoves_Regular_18_glyph_103: 75
                                        *.rodata.Font_TTHoves_Regular_18_glyph_104: 64
                                        *.rodata.Font_TTHoves_Regular_18_glyph_105: 18
                                        *.rodata.Font_TTHoves_Regular_18_glyph_106: 39
                                        *.rodata.Font_TTHoves_Regular_18_glyph_107: 57
                                        *.rodata.Font_TTHoves_Regular_18_glyph_108: 18
                                        *.rodata.Font_TTHoves_Regular_18_glyph_109: 64
                                    .rodata.Font_TTHoves_Regular_18_glyph_11: 495
                                        *.rodata.Font_TTHoves_Regular_18_glyph_110: 41
                                        *.rodata.Font_TTHoves_Regular_18_glyph_111: 50
                                        *.rodata.Font_TTHoves_Regular_18_glyph_112: 64
                                        *.rodata.Font_TTHoves_Regular_18_glyph_113: 75
                                        *.rodata.Font_TTHoves_Regular_18_glyph_114: 28
                                        *.rodata.Font_TTHoves_Regular_18_glyph_115: 41
                                        *.rodata.Font_TTHoves_Regular_18_glyph_116: 41
                                        *.rodata.Font_TTHoves_Regular_18_glyph_117: 41
                                        *.rodata.Font_TTHoves_Regular_18_glyph_118: 46
                                        *.rodata.Font_TTHoves_Regular_18_glyph_119: 68
                                    .rodata.Font_TTHoves_Regular_18_glyph_12: 307
                                        *.rodata.Font_TTHoves_Regular_18_glyph_120: 46
                                        *.rodata.Font_TTHoves_Regular_18_glyph_121: 64
                                        *.rodata.Font_TTHoves_Regular_18_glyph_122: 41
                                        *.rodata.Font_TTHoves_Regular_18_glyph_123: 59
                                        *.rodata.Font_TTHoves_Regular_18_glyph_124: 22
                                        *.rodata.Font_TTHoves_Regular_18_glyph_125: 50
                                        *.rodata.Font_TTHoves_Regular_18_glyph_126: 25
                                .rodata.Font_TTHoves_Regular_18_glyph_3: 426
                                    *.rodata.Font_TTHoves_Regular_18_glyph_32: 5
                                    *.rodata.Font_TTHoves_Regular_18_glyph_33: 25
                                    *.rodata.Font_TTHoves_Regular_18_glyph_34: 17
                                    *.rodata.Font_TTHoves_Regular_18_glyph_35: 90
                                    *.rodata.Font_TTHoves_Regular_18_glyph_36: 99
                                    *.rodata.Font_TTHoves_Regular_18_glyph_37: 96
                                    *.rodata.Font_TTHoves_Regular_18_glyph_38: 83
                                    *.rodata.Font_TTHoves_Regular_18_glyph_39: 11
                                .rodata.Font_TTHoves_Regular_18_glyph_4: 379
                                    *.rodata.Font_TTHoves_Regular_18_glyph_40: 48
                                    *.rodata.Font_TTHoves_Regular_18_glyph_41: 48
                                    *.rodata.Font_TTHoves_Regular_18_glyph_42: 33
                                    *.rodata.Font_TTHoves_Regular_18_glyph_43: 41
                                    *.rodata.Font_TTHoves_Regular_18_glyph_44: 10
                                    *.rodata.Font_TTHoves_Regular_18_glyph_45: 12
                                    *.rodata.Font_TTHoves_Regular_18_glyph_46: 7
                                    *.rodata.Font_TTHoves_Regular_18_glyph_47: 65
                                    *.rodata.Font_TTHoves_Regular_18_glyph_48: 77
                                    *.rodata.Font_TTHoves_Regular_18_glyph_49: 38
                                .rodata.Font_TTHoves_Regular_18_glyph_5: 576
                                    *.rodata.Font_TTHoves_Regular_18_glyph_50: 64
                                    *.rodata.Font_TTHoves_Regular_18_glyph_51: 64
                                    *.rodata.Font_TTHoves_Regular_18_glyph_52: 70
                                    *.rodata.Font_TTHoves_Regular_18_glyph_53: 70
                                    *.rodata.Font_TTHoves_Regular_18_glyph_54: 70
                                    *.rodata.Font_TTHoves_Regular_18_glyph_55: 64
                                    *.rodata.Font_TTHoves_Regular_18_glyph_56: 70
                                    *.rodata.Font_TTHoves_Regular_18_glyph_57: 70
                                    *.rodata.Font_TTHoves_Regular_18_glyph_58: 14
                                    *.rodata.Font_TTHoves_Regular_18_glyph_59: 20
                                .rodata.Font_TTHoves_Regular_18_glyph_6: 673
                                    *.rodata.Font_TTHoves_Regular_18_glyph_60: 41
                                    *.rodata.Font_TTHoves_Regular_18_glyph_61: 25
                                    *.rodata.Font_TTHoves_Regular_18_glyph_62: 41
                                    *.rodata.Font_TTHoves_Regular_18_glyph_63: 64
                                    *.rodata.Font_TTHoves_Regular_18_glyph_64: 118
                                    *.rodata.Font_TTHoves_Regular_18_glyph_65: 83
                                    *.rodata.Font_TTHoves_Regular_18_glyph_66: 70
                                    *.rodata.Font_TTHoves_Regular_18_glyph_67: 90
                                    *.rodata.Font_TTHoves_Regular_18_glyph_68: 77
                                    *.rodata.Font_TTHoves_Regular_18_glyph_69: 64
                                .rodata.Font_TTHoves_Regular_18_glyph_7: 690
                                    *.rodata.Font_TTHoves_Regular_18_glyph_70: 64
                                    *.rodata.Font_TTHoves_Regular_18_glyph_71: 90
                                    *.rodata.Font_TTHoves_Regular_18_glyph_72: 77
                                    *.rodata.Font_TTHoves_Regular_18_glyph_73: 18
                                    *.rodata.Font_TTHoves_Regular_18_glyph_74: 44
                                    *.rodata.Font_TTHoves_Regular_18_glyph_75: 70
                                    *.rodata.Font_TTHoves_Regular_18_glyph_76: 64
                                    *.rodata.Font_TTHoves_Regular_18_glyph_77: 96
                                    *.rodata.Font_TTHoves_Regular_18_glyph_78: 77
                                    *.rodata.Font_TTHoves_Regular_18_glyph_79: 90
                                .rodata.Font_TTHoves_Regular_18_glyph_8: 820
                                    *.rodata.Font_TTHoves_Regular_18_glyph_80: 70
                                    *.rodata.Font_TTHoves_Regular_18_glyph_81: 90
                                    *.rodata.Font_TTHoves_Regular_18_glyph_82: 70
                                    *.rodata.Font_TTHoves_Regular_18_glyph_83: 77
                                    *.rodata.Font_TTHoves_Regular_18_glyph_84: 77
                                    *.rodata.Font_TTHoves_Regular_18_glyph_85: 77
                                    *.rodata.Font_TTHoves_Regular_18_glyph_86: 83
                                    *.rodata.Font_TTHoves_Regular_18_glyph_87: 122
                                    *.rodata.Font_TTHoves_Regular_18_glyph_88: 77
                                    *.rodata.Font_TTHoves_Regular_18_glyph_89: 77
                                .rodata.Font_TTHoves_Regular_18_glyph_9: 436
                                    *.rodata.Font_TTHoves_Regular_18_glyph_90: 70
                                    *.rodata.Font_TTHoves_Regular_18_glyph_91: 50
                                    *.rodata.Font_TTHoves_Regular_18_glyph_92: 65
                                    *.rodata.Font_TTHoves_Regular_18_glyph_93: 50
                                    *.rodata.Font_TTHoves_Regular_18_glyph_94: 23
                                    *.rodata.Font_TTHoves_Regular_18_glyph_95: 13
                                    *.rodata.Font_TTHoves_Regular_18_glyph_96: 9
                                    *.rodata.Font_TTHoves_Regular_18_glyph_97: 46
                                    *.rodata.Font_TTHoves_Regular_18_glyph_98: 64
                                    *.rodata.Font_TTHoves_Regular_18_glyph_99: 46
                                *.rodata.Font_TTHoves_Regular_18_glyph_nonprintable: 64
                .rodata.Failure_: 48
                    *.rodata.Failure_field_info: 20
                    *.rodata.Failure_msg: 24
                    *.rodata.Failure_submsg_info: 4
                .rodata.Features_: 160
                    *.rodata.Features_field_info: 132
                    *.rodata.Features_msg: 24
                    *.rodata.Features_submsg_info: 4
                .rodata.Firmware: 124
                    .rodata.FirmwareErase_: 36
                        *.rodata.FirmwareErase_field_info: 8
                        *.rodata.FirmwareErase_msg: 24
                        *.rodata.FirmwareErase_submsg_info: 4
                    .rodata.FirmwareRequest_: 40
                        *.rodata.FirmwareRequest_field_info: 12
                        *.rodata.FirmwareRequest_msg: 24
                        *.rodata.FirmwareRequest_submsg_info: 4
                    .rodata.FirmwareUpload_: 48
                        *.rodata.FirmwareUpload_field_info: 20
                        *.rodata.FirmwareUpload_msg: 24
                        *.rodata.FirmwareUpload_submsg_info: 4
                *.rodata.FIRMWARE_SECTORS: 13
                *.rodata.FLASH_SECTOR_TABLE: 100
            .rodata.l: 97
                .rodata.length_b: 90
                    *.rodata.length_base: 60
                    *.rodata.length_bits: 30
                *.rodata.line_coding.2: 7
            .rodata.u: 774
                .rodata.ui_screen_: 259
                    .rodata.ui_screen_boot: 40
                        *.rodata.ui_screen_boot.str1.1: 9
                        .rodata.ui_screen_boot_: 31
                            *.rodata.ui_screen_boot_wait.str1.1: 9
                            *.rodata.ui_screen_boot_click.str1.1: 22
                    .rodata.ui_screen_w: 39
                        *.rodata.ui_screen_welcome_third.str1.1: 22
                        *.rodata.ui_screen_wipe.str1.1: 17
                    .rodata.ui_screen_in: 86
                        *.rodata.ui_screen_intro.str1.1: 21
                        .rodata.ui_screen_install_: 65
                            .rodata.ui_screen_install_confirm_: 42
                                *.rodata.ui_screen_install_confirm_upgrade.str1.1: 21
                                *.rodata.ui_screen_install_confirm_newvendor_or_downgrade_wipe.str1.1: 21
                            *.rodata.ui_screen_install_start.str1.1: 23
                    .rodata.ui_screen_f: 44
                        *.rodata.ui_screen_firmware_fingerprint.str1.1: 17
                        *.rodata.ui_screen_fail.str1.1: 27
                    *.rodata.ui_screen_done.str1.1: 50
                .rodata.usb_: 515
                    *.rodata.usb_get_configuration_str_descriptor.str1.1: 49
                    *.rodata.usb_init.str1.1: 370
                    *.rodata.usb_class: 60
                    *.rodata.usb_descriptors: 32
                    *.rodata.usb_langid_str_desc.0: 4
            *.rodata.bootloader_usb_loop.str1.1: 129
            *.rodata.BOOTLOADER_KEYS: 12
            .rodata.w: 234
                .rodata.webusb_: 30
                    *.rodata.webusb_info.4: 12
                    *.rodata.webusb_url.5: 18
                .rodata.winusb_: 204
                    *.rodata.winusb_guid.3: 146
                    *.rodata.winusb_string_descriptor.6: 18
                    *.rodata.winusb_wcid.4: 40
            .rodata.p: 639
                .rodata.process_msg_: 406
                    .rodata.process_msg_Firmware: 365
                        *.rodata.process_msg_FirmwareErase.str1.1: 20
                        *.rodata.process_msg_FirmwareUpload.str1.1: 345
                    *.rodata.process_msg_WipeDevice.str1.1: 22
                    *.rodata.process_msg_unknown.str1.1: 19
                .rodata.pb_: 233
                    *.rodata.pb_readbyte.str1.1: 23
                    .rodata.pb_decode_: 99
                        *.rodata.pb_decode_varint32_eof.str1.1: 16
                        *.rodata.pb_decode_inner.str1.1: 83
                    *.rodata.pb_skip_field.str1.1: 18
                    *.rodata.pb_make_string_substream.str1.1: 24
                    *.rodata.pb_write.str1.1: 12
                    .rodata.pb_encode: 57
                        .rodata.pb_encode_: 39
                            *.rodata.pb_encode_tag_for_field.str1.1: 19
                            *.rodata.pb_encode_submessage.str1.1: 20
                        *.rodata.pb_encode.str1.1: 18
            .rodata.GetFeatures_: 32
                *.rodata.GetFeatures_field_info: 4
                *.rodata.GetFeatures_msg: 24
                *.rodata.GetFeatures_submsg_info: 4
            .rodata.Initialize_: 32
                *.rodata.Initialize_field_info: 4
                *.rodata.Initialize_msg: 24
                *.rodata.Initialize_submsg_info: 4
            .rodata.Ping_: 40
                *.rodata.Ping_field_info: 12
                *.rodata.Ping_msg: 24
                *.rodata.Ping_submsg_info: 4
            .rodata.S: 42
                .rodata.Success_: 40
                    *.rodata.Success_field_info: 12
                    *.rodata.Success_msg: 24
                    *.rodata.Success_submsg_info: 4
                *.rodata.STORAGE_SECTORS: 2
            .rodata.e: 124
                .rodata.encode_: 98
                    *.rodata.encode_basic_field.str1.1: 59
                    *.rodata.encode_field.str1.1: 39
                *.rodata.error_shutdown.str1.1: 26
            *.rodata.vendor_header_hash.str1.1: 21
            *.rodata.flash_erase_sectors.str1.1: 24
            *.rodata.APBPrescTable: 8
        *.rodata: 2
        .rodata::Lanon.: 2228
            .rodata::Lanon.72d09e95520c28340209c99ee08bc2b6.: 1972
                *.rodata::Lanon.72d09e95520c28340209c99ee08bc2b6.0: 54
                .rodata::Lanon.72d09e95520c28340209c99ee08bc2b6.1: 103
                    *.rodata::Lanon.72d09e95520c28340209c99ee08bc2b6.1: 52
                    *.rodata::Lanon.72d09e95520c28340209c99ee08bc2b6.12: 1
                    *.rodata::Lanon.72d09e95520c28340209c99ee08bc2b6.13: 3
                    *.rodata::Lanon.72d09e95520c28340209c99ee08bc2b6.16: 17
                    *.rodata::Lanon.72d09e95520c28340209c99ee08bc2b6.18: 13
                    *.rodata::Lanon.72d09e95520c28340209c99ee08bc2b6.19: 17
                .rodata::Lanon.72d09e95520c28340209c99ee08bc2b6.2: 542
                    *.rodata::Lanon.72d09e95520c28340209c99ee08bc2b6.2: 56
                    *.rodata::Lanon.72d09e95520c28340209c99ee08bc2b6.20: 68
                    *.rodata::Lanon.72d09e95520c28340209c99ee08bc2b6.21: 58
                    *.rodata::Lanon.72d09e95520c28340209c99ee08bc2b6.22: 14
                    *.rodata::Lanon.72d09e95520c28340209c99ee08bc2b6.23: 20
                    *.rodata::Lanon.72d09e95520c28340209c99ee08bc2b6.24: 25
                    *.rodata::Lanon.72d09e95520c28340209c99ee08bc2b6.25: 15
                    *.rodata::Lanon.72d09e95520c28340209c99ee08bc2b6.26: 6
                    *.rodata::Lanon.72d09e95520c28340209c99ee08bc2b6.27: 126
                    *.rodata::Lanon.72d09e95520c28340209c99ee08bc2b6.28: 7
                    *.rodata::Lanon.72d09e95520c28340209c99ee08bc2b6.29: 147
                .rodata::Lanon.72d09e95520c28340209c99ee08bc2b6.3: 624
                    *.rodata::Lanon.72d09e95520c28340209c99ee08bc2b6.3: 53
                    *.rodata::Lanon.72d09e95520c28340209c99ee08bc2b6.30: 13
                    *.rodata::Lanon.72d09e95520c28340209c99ee08bc2b6.31: 150
                    *.rodata::Lanon.72d09e95520c28340209c99ee08bc2b6.32: 87
                    *.rodata::Lanon.72d09e95520c28340209c99ee08bc2b6.33: 201
                    *.rodata::Lanon.72d09e95520c28340209c99ee08bc2b6.34: 20
                    *.rodata::Lanon.72d09e95520c28340209c99ee08bc2b6.35: 20
                    *.rodata::Lanon.72d09e95520c28340209c99ee08bc2b6.36: 20
                    *.rodata::Lanon.72d09e95520c28340209c99ee08bc2b6.37: 20
                    *.rodata::Lanon.72d09e95520c28340209c99ee08bc2b6.38: 20
                    *.rodata::Lanon.72d09e95520c28340209c99ee08bc2b6.39: 20
                .rodata::Lanon.72d09e95520c28340209c99ee08bc2b6.4: 260
                    *.rodata::Lanon.72d09e95520c28340209c99ee08bc2b6.4: 63
                    *.rodata::Lanon.72d09e95520c28340209c99ee08bc2b6.40: 20
                    *.rodata::Lanon.72d09e95520c28340209c99ee08bc2b6.41: 20
                    *.rodata::Lanon.72d09e95520c28340209c99ee08bc2b6.42: 20
                    *.rodata::Lanon.72d09e95520c28340209c99ee08bc2b6.43: 20
                    *.rodata::Lanon.72d09e95520c28340209c99ee08bc2b6.44: 10
                    *.rodata::Lanon.72d09e95520c28340209c99ee08bc2b6.45: 21
                    *.rodata::Lanon.72d09e95520c28340209c99ee08bc2b6.46: 33
                    *.rodata::Lanon.72d09e95520c28340209c99ee08bc2b6.47: 22
                    *.rodata::Lanon.72d09e95520c28340209c99ee08bc2b6.48: 18
                    *.rodata::Lanon.72d09e95520c28340209c99ee08bc2b6.49: 13
                *.rodata::Lanon.72d09e95520c28340209c99ee08bc2b6.6: 0
                *.rodata::Lanon.72d09e95520c28340209c99ee08bc2b6.7: 32
                *.rodata::Lanon.72d09e95520c28340209c99ee08bc2b6.8: 32
                .rodata::Lanon.72d09e95520c28340209c99ee08bc2b6.5: 325
                    *.rodata::Lanon.72d09e95520c28340209c99ee08bc2b6.50: 15
                    *.rodata::Lanon.72d09e95520c28340209c99ee08bc2b6.51: 19
                    *.rodata::Lanon.72d09e95520c28340209c99ee08bc2b6.52: 229
                    *.rodata::Lanon.72d09e95520c28340209c99ee08bc2b6.53: 20
                    *.rodata::Lanon.72d09e95520c28340209c99ee08bc2b6.54: 31
                    *.rodata::Lanon.72d09e95520c28340209c99ee08bc2b6.55: 11
            *.rodata::Lanon.4bb693b5d21c44e6bab00ce31d405baf.155: 256
    .data.: 47
        .data.DISPLAY_: 8
            *.data.DISPLAY_BACKLIGHT: 4
            *.data.DISPLAY_ORIENTATION: 4
        *.data.display_print_fgcolor: 2
        *.data.firmware_upload_chunk_retry: 4
        *.data.SystemCoreClock: 4
        *.data.bos.1: 29
